// Jest Snapshot v1, https://goo.gl/fbAQLP

exports[`CardList should test snapshot to match 1`] = `
<div>
  <Card
    email="john@gmail.com"
    id={1}
    key="1"
    name="John Snow"
  />
</div>
`;
